Archive member included to satisfy reference by file (symbol)

C:\Users\frede\DOCUME~1\ATMELS~1\7.0\ARDUIN~1\ARDUIN~1\ARDUIN~1\Debug\libArduinoCore.a(main.o)
                              C:/Program Files (x86)/Atmel/Studio/7.0/Packs/atmel/ATmega_DFP/1.6.364/gcc/dev/atmega2560/avr6/crtatmega2560.o (main)
C:\Users\frede\DOCUME~1\ATMELS~1\7.0\ARDUIN~1\ARDUIN~1\ARDUIN~1\Debug\libArduinoCore.a(Print.o)
                              src/libraries/LiquidCrystal/src/LiquidCrystal.o (_ZN5Print5writeEPKhj)
C:\Users\frede\DOCUME~1\ATMELS~1\7.0\ARDUIN~1\ARDUIN~1\ARDUIN~1\Debug\libArduinoCore.a(WInterrupts.o)
                              23.1.o (attachInterrupt)
C:\Users\frede\DOCUME~1\ATMELS~1\7.0\ARDUIN~1\ARDUIN~1\ARDUIN~1\Debug\libArduinoCore.a(wiring.o)
                              src/libraries/Keypad/src/Keypad.o (millis)
C:\Users\frede\DOCUME~1\ATMELS~1\7.0\ARDUIN~1\ARDUIN~1\ARDUIN~1\Debug\libArduinoCore.a(wiring_digital.o)
                              23.1.o (pinMode)
C:\Users\frede\DOCUME~1\ATMELS~1\7.0\ARDUIN~1\ARDUIN~1\ARDUIN~1\Debug\libArduinoCore.a(WMath.o)
                              src/libraries/Servo/src/avr/Servo.o (_Z3maplllll)
C:\Users\frede\DOCUME~1\ATMELS~1\7.0\ARDUIN~1\ARDUIN~1\ARDUIN~1\Debug\libArduinoCore.a(abi.o)
                              C:\Users\frede\DOCUME~1\ATMELS~1\7.0\ARDUIN~1\ARDUIN~1\ARDUIN~1\Debug\libArduinoCore.a(Print.o) (__cxa_pure_virtual)
C:\Users\frede\DOCUME~1\ATMELS~1\7.0\ARDUIN~1\ARDUIN~1\ARDUIN~1\Debug\libArduinoCore.a(hooks.o)
                              C:\Users\frede\DOCUME~1\ATMELS~1\7.0\ARDUIN~1\ARDUIN~1\ARDUIN~1\Debug\libArduinoCore.a(wiring.o) (yield)
c:/program files (x86)/atmel/studio/7.0/toolchain/avr8/avr8-gnu-toolchain/bin/../lib/gcc/avr/5.4.0/../../../../avr/lib/avr6\libm.a(addsf3.o)
                              C:\Users\frede\DOCUME~1\ATMELS~1\7.0\ARDUIN~1\ARDUIN~1\ARDUIN~1\Debug\libArduinoCore.a(Print.o) (__subsf3)
c:/program files (x86)/atmel/studio/7.0/toolchain/avr8/avr8-gnu-toolchain/bin/../lib/gcc/avr/5.4.0/../../../../avr/lib/avr6\libm.a(addsf3x.o)
                              c:/program files (x86)/atmel/studio/7.0/toolchain/avr8/avr8-gnu-toolchain/bin/../lib/gcc/avr/5.4.0/../../../../avr/lib/avr6\libm.a(addsf3.o) (__addsf3x)
c:/program files (x86)/atmel/studio/7.0/toolchain/avr8/avr8-gnu-toolchain/bin/../lib/gcc/avr/5.4.0/../../../../avr/lib/avr6\libm.a(cmpsf2.o)
                              C:\Users\frede\DOCUME~1\ATMELS~1\7.0\ARDUIN~1\ARDUIN~1\ARDUIN~1\Debug\libArduinoCore.a(Print.o) (__ltsf2)
c:/program files (x86)/atmel/studio/7.0/toolchain/avr8/avr8-gnu-toolchain/bin/../lib/gcc/avr/5.4.0/../../../../avr/lib/avr6\libm.a(divsf3.o)
                              C:\Users\frede\DOCUME~1\ATMELS~1\7.0\ARDUIN~1\ARDUIN~1\ARDUIN~1\Debug\libArduinoCore.a(Print.o) (__divsf3)
c:/program files (x86)/atmel/studio/7.0/toolchain/avr8/avr8-gnu-toolchain/bin/../lib/gcc/avr/5.4.0/../../../../avr/lib/avr6\libm.a(divsf3x.o)
                              c:/program files (x86)/atmel/studio/7.0/toolchain/avr8/avr8-gnu-toolchain/bin/../lib/gcc/avr/5.4.0/../../../../avr/lib/avr6\libm.a(divsf3.o) (__divsf3x)
c:/program files (x86)/atmel/studio/7.0/toolchain/avr8/avr8-gnu-toolchain/bin/../lib/gcc/avr/5.4.0/../../../../avr/lib/avr6\libm.a(fixunssfsi.o)
                              C:\Users\frede\DOCUME~1\ATMELS~1\7.0\ARDUIN~1\ARDUIN~1\ARDUIN~1\Debug\libArduinoCore.a(Print.o) (__fixunssfsi)
c:/program files (x86)/atmel/studio/7.0/toolchain/avr8/avr8-gnu-toolchain/bin/../lib/gcc/avr/5.4.0/../../../../avr/lib/avr6\libm.a(floatsisf.o)
                              C:\Users\frede\DOCUME~1\ATMELS~1\7.0\ARDUIN~1\ARDUIN~1\ARDUIN~1\Debug\libArduinoCore.a(Print.o) (__floatunsisf)
c:/program files (x86)/atmel/studio/7.0/toolchain/avr8/avr8-gnu-toolchain/bin/../lib/gcc/avr/5.4.0/../../../../avr/lib/avr6\libm.a(fp_cmp.o)
                              c:/program files (x86)/atmel/studio/7.0/toolchain/avr8/avr8-gnu-toolchain/bin/../lib/gcc/avr/5.4.0/../../../../avr/lib/avr6\libm.a(cmpsf2.o) (__fp_cmp)
c:/program files (x86)/atmel/studio/7.0/toolchain/avr8/avr8-gnu-toolchain/bin/../lib/gcc/avr/5.4.0/../../../../avr/lib/avr6\libm.a(fp_inf.o)
                              c:/program files (x86)/atmel/studio/7.0/toolchain/avr8/avr8-gnu-toolchain/bin/../lib/gcc/avr/5.4.0/../../../../avr/lib/avr6\libm.a(addsf3x.o) (__fp_inf)
c:/program files (x86)/atmel/studio/7.0/toolchain/avr8/avr8-gnu-toolchain/bin/../lib/gcc/avr/5.4.0/../../../../avr/lib/avr6\libm.a(fp_nan.o)
                              c:/program files (x86)/atmel/studio/7.0/toolchain/avr8/avr8-gnu-toolchain/bin/../lib/gcc/avr/5.4.0/../../../../avr/lib/avr6\libm.a(addsf3x.o) (__fp_nan)
c:/program files (x86)/atmel/studio/7.0/toolchain/avr8/avr8-gnu-toolchain/bin/../lib/gcc/avr/5.4.0/../../../../avr/lib/avr6\libm.a(fp_pscA.o)
                              c:/program files (x86)/atmel/studio/7.0/toolchain/avr8/avr8-gnu-toolchain/bin/../lib/gcc/avr/5.4.0/../../../../avr/lib/avr6\libm.a(addsf3x.o) (__fp_pscA)
[...]
Memory Configuration

Name             Origin             Length             Attributes
text             0x00000000         0x00040000         xr
data             0x00800200         0x00002000         rw !x
eeprom           0x00810000         0x00001000         rw !x
fuse             0x00820000         0x00000003         rw !x
lock             0x00830000         0x00000400         rw !x
signature        0x00840000         0x00000400         rw !x
user_signatures  0x00850000         0x00000400         rw !x
*default*        0x00000000         0xffffffff

Linker script and memory map

Address of section .data set to 0x800200
LOAD C:/Program Files (x86)/Atmel/Studio/7.0/Packs/atmel/ATmega_DFP/1.6.364/gcc/dev/atmega2560/avr6/crtatmega2560.o
LOAD 23.1.o
LOAD src/libraries/Servo/src/avr/Servo.o
LOAD src/libraries/Servo/src/mbed/Servo.o
LOAD src/libraries/Servo/src/megaavr/Servo.o
LOAD src/libraries/Servo/src/nrf52/Servo.o
LOAD src/libraries/Servo/src/samd/Servo.o
LOAD src/libraries/Servo/src/sam/Servo.o
LOAD src/libraries/Servo/src/stm32f4/Servo.o
LOAD src/libraries/Keypad/src/Key.o
LOAD src/libraries/Keypad/src/Keypad.o
LOAD src/libraries/LiquidCrystal/src/LiquidCrystal.o
LOAD Function/LeapYearFunc.o
START GROUP
LOAD c:/program files (x86)/atmel/studio/7.0/toolchain/avr8/avr8-gnu-toolchain/bin/../lib/gcc/avr/5.4.0/../../../../avr/lib/avr6\libm.a
LOAD C:\Users\frede\DOCUME~1\ATMELS~1\7.0\ARDUIN~1\ARDUIN~1\ARDUIN~1\Debug\libArduinoCore.a
END GROUP
LOAD c:/program files (x86)/atmel/studio/7.0/toolchain/avr8/avr8-gnu-toolchain/bin/../lib/gcc/avr/5.4.0/avr6\libgcc.a
LOAD c:/program files (x86)/atmel/studio/7.0/toolchain/avr8/avr8-gnu-toolchain/bin/../lib/gcc/avr/5.4.0/../../../../avr/lib/avr6\libm.a
START GROUP
LOAD c:/program files (x86)/atmel/studio/7.0/toolchain/avr8/avr8-gnu-toolchain/bin/../lib/gcc/avr/5.4.0/avr6\libgcc.a
LOAD c:/program files (x86)/atmel/studio/7.0/toolchain/avr8/avr8-gnu-toolchain/bin/../lib/gcc/avr/5.4.0/../../../../avr/lib/avr6\libm.a
LOAD c:/program files (x86)/atmel/studio/7.0/toolchain/avr8/avr8-gnu-toolchain/bin/../lib/gcc/avr/5.4.0/../../../../avr/lib/avr6\libc.a
LOAD C:/Program Files (x86)/Atmel/Studio/7.0/Packs/atmel/ATmega_DFP/1.6.364/gcc/dev/atmega2560/avr6\libatmega2560.a
END GROUP
                0x00000000                __TEXT_REGION_ORIGIN__ = DEFINED (__TEXT_REGION_ORIGIN__)?__TEXT_REGION_ORIGIN__:0x0
                [0x00800200]                __DATA_REGION_ORIGIN__ = DEFINED (__DATA_REGION_ORIGIN__)?__DATA_REGION_ORIGIN__:0x800200
                [0x00040000]                __TEXT_REGION_LENGTH__ = DEFINED (__TEXT_REGION_LENGTH__)?__TEXT_REGION_LENGTH__:0x100000
                [0x00002000]                __DATA_REGION_LENGTH__ = DEFINED (__DATA_REGION_LENGTH__)?__DATA_REGION_LENGTH__:0xfe00
                [0x00001000]                __EEPROM_REGION_LENGTH__ = DEFINED (__EEPROM_REGION_LENGTH__)?__EEPROM_REGION_LENGTH__:0x10000
                [0x00000003]                __FUSE_REGION_LENGTH__ = DEFINED (__FUSE_REGION_LENGTH__)?__FUSE_REGION_LENGTH__:0x400
                0x00000400                __LOCK_REGION_LENGTH__ = DEFINED (__LOCK_REGION_LENGTH__)?__LOCK_REGION_LENGTH__:0x400
                0x00000400                __SIGNATURE_REGION_LENGTH__ = DEFINED (__SIGNATURE_REGION_LENGTH__)?__SIGNATURE_REGION_LENGTH__:0x400
                0x00000400                __USER_SIGNATURE_REGION_LENGTH__ = DEFINED (__USER_SIGNATURE_REGION_LENGTH__)?__USER_SIGNATURE_REGION_LENGTH__:0x400

.hash
 *(.hash)

.dynsym
 *(.dynsym)

.dynstr
 *(.dynstr)

.gnu.version
 *(.gnu.version)

.gnu.version_d
 *(.gnu.version_d)

.gnu.version_r
 *(.gnu.version_r)

.rel.init
 *(.rel.init)

.rela.init
 *(.rela.init)

.rel.text
 *(.rel.text)
 *(.rel.text.*)
 *(.rel.gnu.linkonce.t*)

.rela.text
 *(.rela.text)
 *(.rela.text.*)
 *(.rela.gnu.linkonce.t*)

.rel.fini
 *(.rel.fini)

.rela.fini
 *(.rela.fini)

.rel.rodata
 *(.rel.rodata)
 *(.rel.rodata.*)
 *(.rel.gnu.linkonce.r*)

.rela.rodata
 *(.rela.rodata)
 *(.rela.rodata.*)
 *(.rela.gnu.linkonce.r*)

.rel.data
 *(.rel.data)
 *(.rel.data.*)
 *(.rel.gnu.linkonce.d*)

.rela.data
 *(.rela.data)
 *(.rela.data.*)
 *(.rela.gnu.linkonce.d*)

.rel.ctors
 *(.rel.ctors)

.rela.ctors
 *(.rela.ctors)

.rel.dtors
 *(.rel.dtors)

.rela.dtors
 *(.rela.dtors)

.rel.got
 *(.rel.got)

.rela.got
 *(.rela.got)

.rel.bss
 *(.rel.bss)

.rela.bss
 *(.rela.bss)

.rel.plt
 *(.rel.plt)

.rela.plt
 *(.rela.plt)

.text           0x00000000     0x16c6
 *(.vectors)
 .vectors       0x00000000       0xe4 C:/Program Files (x86)/Atmel/Studio/7.0/Packs/atmel/ATmega_DFP/1.6.364/gcc/dev/atmega2560/avr6/crtatmega2560.o
                0x00000000                __vector_default
                0x00000000                __vectors
 *(.vectors)
 *(.progmem.gcc*)
 .progmem.gcc_sw_table.attachInterrupt
                0x000000e4        0xe C:\Users\frede\DOCUME~1\ATMELS~1\7.0\ARDUIN~1\ARDUIN~1\ARDUIN~1\Debug\libArduinoCore.a(WInterrupts.o)
 .progmem.gcc_sw_table.turnOffPWM
                0x000000f2       0x24 C:\Users\frede\DOCUME~1\ATMELS~1\7.0\ARDUIN~1\ARDUIN~1\ARDUIN~1\Debug\libArduinoCore.a(wiring_digital.o)
                0x00000116                . = ALIGN (0x2)
                0x00000116                __trampolines_start = .
 *(.trampolines)
 .trampolines   0x00000116        0x0 linker stubs
 *(.trampolines*)
                0x00000116                __trampolines_end = .
 *libprintf_flt.a:*(.progmem.data)
 *libc.a:*(.progmem.data)
 *(.progmem*)
 .progmem.data.digital_pin_to_timer_PGM
                0x00000116       0x46 C:\Users\frede\DOCUME~1\ATMELS~1\7.0\ARDUIN~1\ARDUIN~1\ARDUIN~1\Debug\libArduinoCore.a(wiring_digital.o)
                0x00000116                digital_pin_to_timer_PGM
 .progmem.data.digital_pin_to_bit_mask_PGM
                0x0000015c       0x46 C:\Users\frede\DOCUME~1\ATMELS~1\7.0\ARDUIN~1\ARDUIN~1\ARDUIN~1\Debug\libArduinoCore.a(wiring_digital.o)
                0x0000015c                digital_pin_to_bit_mask_PGM
 .progmem.data.digital_pin_to_port_PGM
                0x000001a2       0x46 C:\Users\frede\DOCUME~1\ATMELS~1\7.0\ARDUIN~1\ARDUIN~1\ARDUIN~1\Debug\libArduinoCore.a(wiring_digital.o)
                0x000001a2                digital_pin_to_port_PGM
 .progmem.data.port_to_output_PGM
                0x000001e8       0x1a C:\Users\frede\DOCUME~1\ATMELS~1\7.0\ARDUIN~1\ARDUIN~1\ARDUIN~1\Debug\libArduinoCore.a(wiring_digital.o)
                0x000001e8                port_to_output_PGM
 .progmem.data.port_to_mode_PGM
                0x00000202       0x1a C:\Users\frede\DOCUME~1\ATMELS~1\7.0\ARDUIN~1\ARDUIN~1\ARDUIN~1\Debug\libArduinoCore.a(wiring_digital.o)
                0x00000202                port_to_mode_PGM
                0x0000021c                . = ALIGN (0x2)
 *(.jumptables)
 *(.jumptables*)
 *(.lowtext)
 *(.lowtext*)
                0x0000021c                __ctors_start = .
 *(.ctors)
 .ctors         0x0000021c        0x2 23.1.o
                0x0000021e                __ctors_end = .
                0x0000021e                __dtors_start = .
 *(.dtors)
                0x0000021e                __dtors_end = .
 SORT(*)(.ctors)
 SORT(*)(.dtors)
 *(.init0)
 .init0         0x0000021e        0x0 C:/Program Files (x86)/Atmel/Studio/7.0/Packs/atmel/ATmega_DFP/1.6.364/gcc/dev/atmega2560/avr6/crtatmega2560.o
                0x0000021e                __init
 *(.init0)
 *(.init1)
 *(.init1)
 *(.init2)
 .init2         0x0000021e       0x10 C:/Program Files (x86)/Atmel/Studio/7.0/Packs/atmel/ATmega_DFP/1.6.364/gcc/dev/atmega2560/avr6/crtatmega2560.o
 *(.init2)
 *(.init3)
 *(.init3)
 *(.init4)
 .init4         0x0000022e       0x1a c:/program files (x86)/atmel/studio/7.0/toolchain/avr8/avr8-gnu-toolchain/bin/../lib/gcc/avr/5.4.0/avr6\libgcc.a(_copy_data.o)
                0x0000022e                __do_copy_data
 .init4         0x00000248       0x10 c:/program files (x86)/atmel/studio/7.0/toolchain/avr8/avr8-gnu-toolchain/bin/../lib/gcc/avr/5.4.0/avr6\libgcc.a(_clear_bss.o)
                0x00000248                __do_clear_bss
 *(.init4)
 *(.init5)
 *(.init5)
 *(.init6)
 .init6         0x00000258       0x20 c:/program files (x86)/atmel/studio/7.0/toolchain/avr8/avr8-gnu-toolchain/bin/../lib/gcc/avr/5.4.0/avr6\libgcc.a(_ctors.o)
                0x00000258                __do_global_ctors
 *(.init6)
 *(.init7)
 *(.init7)
 *(.init8)
 *(.init8)
 *(.init9)
 .init9         0x00000278        0x6 C:/Program Files (x86)/Atmel/Studio/7.0/Packs/atmel/ATmega_DFP/1.6.364/gcc/dev/atmega2560/avr6/crtatmega2560.o
 *(.init9)
 *(.text)
 .text          0x0000027e        0x2 C:/Program Files (x86)/Atmel/Studio/7.0/Packs/atmel/ATmega_DFP/1.6.364/gcc/dev/atmega2560/avr6/crtatmega2560.o
                0x0000027e                __vector_38
                0x0000027e                __vector_22
                0x0000027e                __vector_28
                0x0000027e                __vector_34
                0x0000027e                __vector_24
                0x0000027e                __vector_12
                0x0000027e                __vector_55
                0x0000027e                __vector_46
                0x0000027e                __bad_interrupt
                0x0000027e                __vector_31
                0x0000027e                __vector_35
                0x0000027e                __vector_39
                0x0000027e                __vector_30
                0x0000027e                __vector_45
                0x0000027e                __vector_25
                0x0000027e                __vector_11
                0x0000027e                __vector_54
                0x0000027e                __vector_13
                0x0000027e                __vector_19
                0x0000027e                __vector_56
                0x0000027e                __vector_49
                0x0000027e                __vector_41
                0x0000027e                __vector_43
                0x0000027e                __vector_27
                0x0000027e                __vector_33
                0x0000027e                __vector_52
                0x0000027e                __vector_37
                0x0000027e                __vector_44
                0x0000027e                __vector_51
                0x0000027e                __vector_9
                0x0000027e                __vector_21
                0x0000027e                __vector_15
                0x0000027e                __vector_36
                0x0000027e                __vector_29
                0x0000027e                __vector_40
                0x0000027e                __vector_26
                0x0000027e                __vector_48
                0x0000027e                __vector_14
                0x0000027e                __vector_53
                0x0000027e                __vector_10
                0x0000027e                __vector_50
                0x0000027e                __vector_16
                0x0000027e                __vector_18
                0x0000027e                __vector_20
                0x00000280                . = ALIGN (0x2)
 *(.text.*)
 .text._Z13switchPressedv
                0x00000280       0x30 23.1.o
                0x00000280                _Z13switchPressedv
 .text.setup    0x000002b0       0x3c 23.1.o
                0x000002b0                setup
 .text.loop     0x000002ec       0x7e 23.1.o
                0x000002ec                loop
 .text._Z41__static_initialization_and_destruction_0ii
                0x0000036a       0x3a 23.1.o
 .text._GLOBAL__sub_I_myservo
                0x000003a4       0x18 23.1.o
 .text._ZL17handle_interrupts18timer16_Sequence_tPVjS1_
                0x000003bc      0x2fa src/libraries/Servo/src/avr/Servo.o
 .text.__vector_17
                0x000006b6       0x6e src/libraries/Servo/src/avr/Servo.o
                0x000006b6                __vector_17
 .text.__vector_32
                0x00000724       0x6e src/libraries/Servo/src/avr/Servo.o
                0x00000724                __vector_32
 .text.__vector_42
                0x00000792       0x6e src/libraries/Servo/src/avr/Servo.o
                0x00000792                __vector_42
 .text.__vector_47
                0x00000800       0x6e src/libraries/Servo/src/avr/Servo.o
                0x00000800                __vector_47
 .text._ZL7initISR18timer16_Sequence_t
                0x0000086e       0xfe src/libraries/Servo/src/avr/Servo.o
 .text._ZL13isTimerActive18timer16_Sequence_t
                0x0000096c       0x6e src/libraries/Servo/src/avr/Servo.o
 .text._ZN5ServoC2Ev
                0x000009da       0x68 src/libraries/Servo/src/avr/Servo.o
                0x000009da                _ZN5ServoC1Ev
                0x000009da                _ZN5ServoC2Ev
 .text._ZN5Servo6attachEi
                0x00000a42       0x34 src/libraries/Servo/src/avr/Servo.o
                0x00000a42                _ZN5Servo6attachEi
 .text._ZN5Servo6attachEiii
                0x00000a76      0x120 src/libraries/Servo/src/avr/Servo.o
                0x00000a76                _ZN5Servo6attachEiii
 .text._ZN5Servo5writeEi
                0x00000b96      0x122 src/libraries/Servo/src/avr/Servo.o
                0x00000b96                _ZN5Servo5writeEi
 .text._ZN5Servo17writeMicrosecondsEi
                0x00000cb8      0x16c src/libraries/Servo/src/avr/Servo.o
                0x00000cb8                _ZN5Servo17writeMicrosecondsEi
 .text.initVariant
                0x00000e24        0x2 C:\Users\frede\DOCUME~1\ATMELS~1\7.0\ARDUIN~1\ARDUIN~1\ARDUIN~1\Debug\libArduinoCore.a(main.o)
                0x00000e24                initVariant
 .text.startup.main
                0x00000e26       0x16 C:\Users\frede\DOCUME~1\ATMELS~1\7.0\ARDUIN~1\ARDUIN~1\ARDUIN~1\Debug\libArduinoCore.a(main.o)
                0x00000e26                main
 .text.nothing  0x00000e3c        0x2 C:\Users\frede\DOCUME~1\ATMELS~1\7.0\ARDUIN~1\ARDUIN~1\ARDUIN~1\Debug\libArduinoCore.a(WInterrupts.o)
 .text.attachInterrupt
                0x00000e3e       0xe6 C:\Users\frede\DOCUME~1\ATMELS~1\7.0\ARDUIN~1\ARDUIN~1\ARDUIN~1\Debug\libArduinoCore.a(WInterrupts.o)
                0x00000e3e                attachInterrupt
 .text.__vector_1
                0x00000f24       0x56 C:\Users\frede\DOCUME~1\ATMELS~1\7.0\ARDUIN~1\ARDUIN~1\ARDUIN~1\Debug\libArduinoCore.a(WInterrupts.o)
                0x00000f24                __vector_1
 .text.__vector_2
                0x00000f7a       0x56 C:\Users\frede\DOCUME~1\ATMELS~1\7.0\ARDUIN~1\ARDUIN~1\ARDUIN~1\Debug\libArduinoCore.a(WInterrupts.o)
                0x00000f7a                __vector_2
 .text.__vector_3
                0x00000fd0       0x56 C:\Users\frede\DOCUME~1\ATMELS~1\7.0\ARDUIN~1\ARDUIN~1\ARDUIN~1\Debug\libArduinoCore.a(WInterrupts.o)
                0x00000fd0                __vector_3
 .text.__vector_4
                0x00001026       0x56 C:\Users\frede\DOCUME~1\ATMELS~1\7.0\ARDUIN~1\ARDUIN~1\ARDUIN~1\Debug\libArduinoCore.a(WInterrupts.o)
                0x00001026                __vector_4
 .text.__vector_5
                0x0000107c       0x56 C:\Users\frede\DOCUME~1\ATMELS~1\7.0\ARDUIN~1\ARDUIN~1\ARDUIN~1\Debug\libArduinoCore.a(WInterrupts.o)
                0x0000107c                __vector_5
 .text.__vector_6
                0x000010d2       0x56 C:\Users\frede\DOCUME~1\ATMELS~1\7.0\ARDUIN~1\ARDUIN~1\ARDUIN~1\Debug\libArduinoCore.a(WInterrupts.o)
                0x000010d2                __vector_6
 .text.__vector_7
                0x00001128       0x56 C:\Users\frede\DOCUME~1\ATMELS~1\7.0\ARDUIN~1\ARDUIN~1\ARDUIN~1\Debug\libArduinoCore.a(WInterrupts.o)
                0x00001128                __vector_7
 .text.__vector_8
                0x0000117e       0x56 C:\Users\frede\DOCUME~1\ATMELS~1\7.0\ARDUIN~1\ARDUIN~1\ARDUIN~1\Debug\libArduinoCore.a(WInterrupts.o)
                0x0000117e                __vector_8
 .text.__vector_23
                0x000011d4       0x94 C:\Users\frede\DOCUME~1\ATMELS~1\7.0\ARDUIN~1\ARDUIN~1\ARDUIN~1\Debug\libArduinoCore.a(wiring.o)
                0x000011d4                __vector_23
 .text.micros   0x00001268       0x4a C:\Users\frede\DOCUME~1\ATMELS~1\7.0\ARDUIN~1\ARDUIN~1\ARDUIN~1\Debug\libArduinoCore.a(wiring.o)
                0x00001268                micros
 .text.delay    0x000012b2       0x72 C:\Users\frede\DOCUME~1\ATMELS~1\7.0\ARDUIN~1\ARDUIN~1\ARDUIN~1\Debug\libArduinoCore.a(wiring.o)
                0x000012b2                delay
 .text.init     0x00001324       0xc4 C:\Users\frede\DOCUME~1\ATMELS~1\7.0\ARDUIN~1\ARDUIN~1\ARDUIN~1\Debug\libArduinoCore.a(wiring.o)
                0x00001324                init
 .text.turnOffPWM
                0x000013e8       0xaa C:\Users\frede\DOCUME~1\ATMELS~1\7.0\ARDUIN~1\ARDUIN~1\ARDUIN~1\Debug\libArduinoCore.a(wiring_digital.o)
 .text.pinMode  0x00001492       0x78 C:\Users\frede\DOCUME~1\ATMELS~1\7.0\ARDUIN~1\ARDUIN~1\ARDUIN~1\Debug\libArduinoCore.a(wiring_digital.o)
                0x00001492                pinMode
 .text.digitalWrite
                0x0000150a       0x5c C:\Users\frede\DOCUME~1\ATMELS~1\7.0\ARDUIN~1\ARDUIN~1\ARDUIN~1\Debug\libArduinoCore.a(wiring_digital.o)
                0x0000150a                digitalWrite
 .text._Z3maplllll
                0x00001566       0x7e C:\Users\frede\DOCUME~1\ATMELS~1\7.0\ARDUIN~1\ARDUIN~1\ARDUIN~1\Debug\libArduinoCore.a(WMath.o)
                0x00001566                _Z3maplllll
 .text.__empty  0x000015e4        0x2 C:\Users\frede\DOCUME~1\ATMELS~1\7.0\ARDUIN~1\ARDUIN~1\ARDUIN~1\Debug\libArduinoCore.a(hooks.o)
                0x000015e4                yield
 .text.libgcc.mul
                0x000015e6       0x1e c:/program files (x86)/atmel/studio/7.0/toolchain/avr8/avr8-gnu-toolchain/bin/../lib/gcc/avr/5.4.0/avr6\libgcc.a(_mulsi3.o)
                0x000015e6                __mulsi3
 .text.libgcc.div
                0x00001604       0x44 c:/program files (x86)/atmel/studio/7.0/toolchain/avr8/avr8-gnu-toolchain/bin/../lib/gcc/avr/5.4.0/avr6\libgcc.a(_udivmodsi4.o)
                0x00001604                __udivmodsi4
 .text.libgcc.div
                0x00001648       0x28 c:/program files (x86)/atmel/studio/7.0/toolchain/avr8/avr8-gnu-toolchain/bin/../lib/gcc/avr/5.4.0/avr6\libgcc.a(_divmodsi4.o)
                0x00001648                __divmodsi4
 .text.libgcc.div
                0x00001670       0x10 c:/program files (x86)/atmel/studio/7.0/toolchain/avr8/avr8-gnu-toolchain/bin/../lib/gcc/avr/5.4.0/avr6\libgcc.a(_negsi2.o)
                0x00001670                __negsi2
 .text.libgcc   0x00001680       0x10 c:/program files (x86)/atmel/studio/7.0/toolchain/avr8/avr8-gnu-toolchain/bin/../lib/gcc/avr/5.4.0/avr6\libgcc.a(_tablejump2.o)
                0x00001680                __tablejump2__
 .text.libgcc.mul
                0x00001690       0x14 c:/program files (x86)/atmel/studio/7.0/toolchain/avr8/avr8-gnu-toolchain/bin/../lib/gcc/avr/5.4.0/avr6\libgcc.a(_muluhisi3.o)
                0x00001690                __muluhisi3
 .text.libgcc.mul
                0x000016a4       0x1e c:/program files (x86)/atmel/studio/7.0/toolchain/avr8/avr8-gnu-toolchain/bin/../lib/gcc/avr/5.4.0/avr6\libgcc.a(_umulhisi3.o)
                0x000016a4                __umulhisi3
                0x000016c2                . = ALIGN (0x2)
 *(.fini9)
 .fini9         0x000016c2        0x0 c:/program files (x86)/atmel/studio/7.0/toolchain/avr8/avr8-gnu-toolchain/bin/../lib/gcc/avr/5.4.0/avr6\libgcc.a(_exit.o)
                0x000016c2                _exit
                0x000016c2                exit
 *(.fini9)
 *(.fini8)
 *(.fini8)
 *(.fini7)
 *(.fini7)
 *(.fini6)
 *(.fini6)
 *(.fini5)
 *(.fini5)
 *(.fini4)
 *(.fini4)
 *(.fini3)
 *(.fini3)
 *(.fini2)
 *(.fini2)
 *(.fini1)
 *(.fini1)
 *(.fini0)
 .fini0         0x000016c2        0x4 c:/program files (x86)/atmel/studio/7.0/toolchain/avr8/avr8-gnu-toolchain/bin/../lib/gcc/avr/5.4.0/avr6\libgcc.a(_exit.o)
 *(.fini0)
                0x000016c6                _etext = .

.data           0x00800200       0x12 load address 0x000016c6
                0x00800200                PROVIDE (__data_start, .)
 *(.data)
 *(.data*)
 .data.ledPin   0x00800200        0x2 23.1.o
                0x00800200                ledPin
 .data.intFunc  0x00800202       0x10 C:\Users\frede\DOCUME~1\ATMELS~1\7.0\ARDUIN~1\ARDUIN~1\ARDUIN~1\Debug\libArduinoCore.a(WInterrupts.o)
 *(.gnu.linkonce.d*)
 *(.rodata)
 *(.rodata*)
 *(.gnu.linkonce.r*)
                0x00800212                . = ALIGN (0x2)
                0x00800212                _edata = .
                0x00800212                PROVIDE (__data_end, .)

.bss            0x00800212       0xa2
                0x00800212                PROVIDE (__bss_start, .)
 *(.bss)
 *(.bss*)
 .bss.myservo   0x00800212        0x3 23.1.o
                0x00800212                myservo
 .bss.state     0x00800215        0x1 23.1.o
                0x00800215                state
 .bss._ZL6servos
                0x00800216       0x90 src/libraries/Servo/src/avr/Servo.o
 .bss._ZL7Channel
                0x008002a6        0x4 src/libraries/Servo/src/avr/Servo.o
 .bss.ServoCount
                0x008002aa        0x1 src/libraries/Servo/src/avr/Servo.o
                0x008002aa                ServoCount
 .bss.timer0_fract
                0x008002ab        0x1 C:\Users\frede\DOCUME~1\ATMELS~1\7.0\ARDUIN~1\ARDUIN~1\ARDUIN~1\Debug\libArduinoCore.a(wiring.o)
 .bss.timer0_millis
                0x008002ac        0x4 C:\Users\frede\DOCUME~1\ATMELS~1\7.0\ARDUIN~1\ARDUIN~1\ARDUIN~1\Debug\libArduinoCore.a(wiring.o)
                0x008002ac                timer0_millis
 .bss.timer0_overflow_count
                0x008002b0        0x4 C:\Users\frede\DOCUME~1\ATMELS~1\7.0\ARDUIN~1\ARDUIN~1\ARDUIN~1\Debug\libArduinoCore.a(wiring.o)
                0x008002b0                timer0_overflow_count
 *(COMMON)
                0x008002b4                PROVIDE (__bss_end, .)
                0x000016c6                __data_load_start = LOADADDR (.data)
                0x000016d8                __data_load_end = (__data_load_start + SIZEOF (.data))

.noinit         0x008002b4        0x0
                [!provide]                PROVIDE (__noinit_start, .)
 *(.noinit*)
                [!provide]                PROVIDE (__noinit_end, .)
                0x008002b4                _end = .
                [!provide]                PROVIDE (__heap_start, .)

.eeprom         0x00810000        0x0
 *(.eeprom*)
                0x00810000                __eeprom_end = .

.fuse
 *(.fuse)
 *(.lfuse)
 *(.hfuse)
 *(.efuse)

.lock
 *(.lock*)

.signature
 *(.signature*)

.user_signatures
 *(.user_signatures*)

.stab
 *(.stab)

.stabstr
 *(.stabstr)

.stab.excl
 *(.stab.excl)

.stab.exclstr
 *(.stab.exclstr)

.stab.index
 *(.stab.index)

.stab.indexstr
 *(.stab.indexstr)

.comment        0x00000000       0x30
 *(.comment)
 .comment       0x00000000       0x30 23.1.o
                                 0x31 (size before relaxing)
 .comment       0x00000030       0x31 src/libraries/Servo/src/avr/Servo.o
 .comment       0x00000030       0x31 C:\Users\frede\DOCUME~1\ATMELS~1\7.0\ARDUIN~1\ARDUIN~1\ARDUIN~1\Debug\libArduinoCore.a(main.o)
 .comment       0x00000030       0x31 C:\Users\frede\DOCUME~1\ATMELS~1\7.0\ARDUIN~1\ARDUIN~1\ARDUIN~1\Debug\libArduinoCore.a(WInterrupts.o)
 .comment       0x00000030       0x31 C:\Users\frede\DOCUME~1\ATMELS~1\7.0\ARDUIN~1\ARDUIN~1\ARDUIN~1\Debug\libArduinoCore.a(wiring.o)
 .comment       0x00000030       0x31 C:\Users\frede\DOCUME~1\ATMELS~1\7.0\ARDUIN~1\ARDUIN~1\ARDUIN~1\Debug\libArduinoCore.a(wiring_digital.o)
 .comment       0x00000030       0x31 C:\Users\frede\DOCUME~1\ATMELS~1\7.0\ARDUIN~1\ARDUIN~1\ARDUIN~1\Debug\libArduinoCore.a(WMath.o)
 .comment       0x00000030       0x31 C:\Users\frede\DOCUME~1\ATMELS~1\7.0\ARDUIN~1\ARDUIN~1\ARDUIN~1\Debug\libArduinoCore.a(hooks.o)

.note.gnu.avr.deviceinfo
                0x00000000       0x40
 .note.gnu.avr.deviceinfo
                0x00000000       0x40 C:/Program Files (x86)/Atmel/Studio/7.0/Packs/atmel/ATmega_DFP/1.6.364/gcc/dev/atmega2560/avr6/crtatmega2560.o

.note.gnu.build-id
 *(.note.gnu.build-id)

.debug
 *(.debug)

.line
 *(.line)

.debug_srcinfo
 *(.debug_srcinfo)

.debug_sfnames
 *(.debug_sfnames)

.debug_aranges  0x00000000      0x268
 *(.debug_aranges)
 .debug_aranges
                0x00000000       0x40 23.1.o
 .debug_aranges
                0x00000040       0xa0 src/libraries/Servo/src/avr/Servo.o
 .debug_aranges
                0x000000e0       0x30 C:\Users\frede\DOCUME~1\ATMELS~1\7.0\ARDUIN~1\ARDUIN~1\ARDUIN~1\Debug\libArduinoCore.a(main.o)
 .debug_aranges
                0x00000110       0x70 C:\Users\frede\DOCUME~1\ATMELS~1\7.0\ARDUIN~1\ARDUIN~1\ARDUIN~1\Debug\libArduinoCore.a(WInterrupts.o)
 .debug_aranges
                0x00000180       0x48 C:\Users\frede\DOCUME~1\ATMELS~1\7.0\ARDUIN~1\ARDUIN~1\ARDUIN~1\Debug\libArduinoCore.a(wiring.o)
 .debug_aranges
                0x000001c8       0x38 C:\Users\frede\DOCUME~1\ATMELS~1\7.0\ARDUIN~1\ARDUIN~1\ARDUIN~1\Debug\libArduinoCore.a(wiring_digital.o)
 .debug_aranges
                0x00000200       0x48 C:\Users\frede\DOCUME~1\ATMELS~1\7.0\ARDUIN~1\ARDUIN~1\ARDUIN~1\Debug\libArduinoCore.a(WMath.o)
 .debug_aranges
                0x00000248       0x20 C:\Users\frede\DOCUME~1\ATMELS~1\7.0\ARDUIN~1\ARDUIN~1\ARDUIN~1\Debug\libArduinoCore.a(hooks.o)

.debug_pubnames
 *(.debug_pubnames)

.debug_info     0x00000000     0x2a47
 *(.debug_info .gnu.linkonce.wi.*)
 .debug_info    0x00000000      0xbbc C:/Program Files (x86)/Atmel/Studio/7.0/Packs/atmel/ATmega_DFP/1.6.364/gcc/dev/atmega2560/avr6/crtatmega2560.o
 .debug_info    0x00000bbc      0x4ca 23.1.o
 .debug_info    0x00001086      0x85a src/libraries/Servo/src/avr/Servo.o
 .debug_info    0x000018e0      0x295 C:\Users\frede\DOCUME~1\ATMELS~1\7.0\ARDUIN~1\ARDUIN~1\ARDUIN~1\Debug\libArduinoCore.a(main.o)
 .debug_info    0x00001b75      0x301 C:\Users\frede\DOCUME~1\ATMELS~1\7.0\ARDUIN~1\ARDUIN~1\ARDUIN~1\Debug\libArduinoCore.a(WInterrupts.o)
 .debug_info    0x00001e76      0x329 C:\Users\frede\DOCUME~1\ATMELS~1\7.0\ARDUIN~1\ARDUIN~1\ARDUIN~1\Debug\libArduinoCore.a(wiring.o)
 .debug_info    0x0000219f      0x63a C:\Users\frede\DOCUME~1\ATMELS~1\7.0\ARDUIN~1\ARDUIN~1\ARDUIN~1\Debug\libArduinoCore.a(wiring_digital.o)
 .debug_info    0x000027d9      0x230 C:\Users\frede\DOCUME~1\ATMELS~1\7.0\ARDUIN~1\ARDUIN~1\ARDUIN~1\Debug\libArduinoCore.a(WMath.o)
 .debug_info    0x00002a09       0x3e C:\Users\frede\DOCUME~1\ATMELS~1\7.0\ARDUIN~1\ARDUIN~1\ARDUIN~1\Debug\libArduinoCore.a(hooks.o)

.debug_abbrev   0x00000000     0x15af
 *(.debug_abbrev)
 .debug_abbrev  0x00000000      0xb1a C:/Program Files (x86)/Atmel/Studio/7.0/Packs/atmel/ATmega_DFP/1.6.364/gcc/dev/atmega2560/avr6/crtatmega2560.o
 .debug_abbrev  0x00000b1a      0x1b5 23.1.o
 .debug_abbrev  0x00000ccf      0x2d1 src/libraries/Servo/src/avr/Servo.o
 .debug_abbrev  0x00000fa0      0x12d C:\Users\frede\DOCUME~1\ATMELS~1\7.0\ARDUIN~1\ARDUIN~1\ARDUIN~1\Debug\libArduinoCore.a(main.o)
 .debug_abbrev  0x000010cd       0xed C:\Users\frede\DOCUME~1\ATMELS~1\7.0\ARDUIN~1\ARDUIN~1\ARDUIN~1\Debug\libArduinoCore.a(WInterrupts.o)
 .debug_abbrev  0x000011ba      0x146 C:\Users\frede\DOCUME~1\ATMELS~1\7.0\ARDUIN~1\ARDUIN~1\ARDUIN~1\Debug\libArduinoCore.a(wiring.o)
 .debug_abbrev  0x00001300      0x15a C:\Users\frede\DOCUME~1\ATMELS~1\7.0\ARDUIN~1\ARDUIN~1\ARDUIN~1\Debug\libArduinoCore.a(wiring_digital.o)
 .debug_abbrev  0x0000145a      0x12b C:\Users\frede\DOCUME~1\ATMELS~1\7.0\ARDUIN~1\ARDUIN~1\ARDUIN~1\Debug\libArduinoCore.a(WMath.o)
 .debug_abbrev  0x00001585       0x2a C:\Users\frede\DOCUME~1\ATMELS~1\7.0\ARDUIN~1\ARDUIN~1\ARDUIN~1\Debug\libArduinoCore.a(hooks.o)

.debug_line     0x00000000     0x14d5
 *(.debug_line .debug_line.* .debug_line_end)
 .debug_line    0x00000000      0x1fa C:/Program Files (x86)/Atmel/Studio/7.0/Packs/atmel/ATmega_DFP/1.6.364/gcc/dev/atmega2560/avr6/crtatmega2560.o
 .debug_line    0x000001fa      0x235 23.1.o
 .debug_line    0x0000042f      0x598 src/libraries/Servo/src/avr/Servo.o
 .debug_line    0x000009c7      0x161 C:\Users\frede\DOCUME~1\ATMELS~1\7.0\ARDUIN~1\ARDUIN~1\ARDUIN~1\Debug\libArduinoCore.a(main.o)
 .debug_line    0x00000b28      0x2da C:\Users\frede\DOCUME~1\ATMELS~1\7.0\ARDUIN~1\ARDUIN~1\ARDUIN~1\Debug\libArduinoCore.a(WInterrupts.o)
 .debug_line    0x00000e02      0x2cb C:\Users\frede\DOCUME~1\ATMELS~1\7.0\ARDUIN~1\ARDUIN~1\ARDUIN~1\Debug\libArduinoCore.a(wiring.o)
 .debug_line    0x000010cd      0x284 C:\Users\frede\DOCUME~1\ATMELS~1\7.0\ARDUIN~1\ARDUIN~1\ARDUIN~1\Debug\libArduinoCore.a(wiring_digital.o)
 .debug_line    0x00001351      0x143 C:\Users\frede\DOCUME~1\ATMELS~1\7.0\ARDUIN~1\ARDUIN~1\ARDUIN~1\Debug\libArduinoCore.a(WMath.o)
 .debug_line    0x00001494       0x41 C:\Users\frede\DOCUME~1\ATMELS~1\7.0\ARDUIN~1\ARDUIN~1\ARDUIN~1\Debug\libArduinoCore.a(hooks.o)

.debug_frame    0x00000000      0xa34
 *(.debug_frame)
 .debug_frame   0x00000000       0xb4 23.1.o
 .debug_frame   0x000000b4      0x3d0 src/libraries/Servo/src/avr/Servo.o
 .debug_frame   0x00000484       0x54 C:\Users\frede\DOCUME~1\ATMELS~1\7.0\ARDUIN~1\ARDUIN~1\ARDUIN~1\Debug\libArduinoCore.a(main.o)
 .debug_frame   0x000004d8      0x304 C:\Users\frede\DOCUME~1\ATMELS~1\7.0\ARDUIN~1\ARDUIN~1\ARDUIN~1\Debug\libArduinoCore.a(WInterrupts.o)
 .debug_frame   0x000007dc       0xc4 C:\Users\frede\DOCUME~1\ATMELS~1\7.0\ARDUIN~1\ARDUIN~1\ARDUIN~1\Debug\libArduinoCore.a(wiring.o)
 .debug_frame   0x000008a0       0x7c C:\Users\frede\DOCUME~1\ATMELS~1\7.0\ARDUIN~1\ARDUIN~1\ARDUIN~1\Debug\libArduinoCore.a(wiring_digital.o)
 .debug_frame   0x0000091c       0xf4 C:\Users\frede\DOCUME~1\ATMELS~1\7.0\ARDUIN~1\ARDUIN~1\ARDUIN~1\Debug\libArduinoCore.a(WMath.o)
 .debug_frame   0x00000a10       0x24 C:\Users\frede\DOCUME~1\ATMELS~1\7.0\ARDUIN~1\ARDUIN~1\ARDUIN~1\Debug\libArduinoCore.a(hooks.o)

.debug_str      0x00000000      0xeea
 *(.debug_str)
 .debug_str     0x00000000      0x3e6 C:/Program Files (x86)/Atmel/Studio/7.0/Packs/atmel/ATmega_DFP/1.6.364/gcc/dev/atmega2560/avr6/crtatmega2560.o
 .debug_str     0x000003e6      0x3f0 23.1.o
                                0x43f (size before relaxing)
 .debug_str     0x000007d6      0x162 src/libraries/Servo/src/avr/Servo.o
                                0x513 (size before relaxing)
 .debug_str     0x00000938      0x1d0 C:\Users\frede\DOCUME~1\ATMELS~1\7.0\ARDUIN~1\ARDUIN~1\ARDUIN~1\Debug\libArduinoCore.a(main.o)
                                0x2cd (size before relaxing)
 .debug_str     0x00000b08      0x1a5 C:\Users\frede\DOCUME~1\ATMELS~1\7.0\ARDUIN~1\ARDUIN~1\ARDUIN~1\Debug\libArduinoCore.a(WInterrupts.o)
                                0x292 (size before relaxing)
 .debug_str     0x00000cad       0x86 C:\Users\frede\DOCUME~1\ATMELS~1\7.0\ARDUIN~1\ARDUIN~1\ARDUIN~1\Debug\libArduinoCore.a(wiring.o)
                                0x263 (size before relaxing)
 .debug_str     0x00000d33       0xe3 C:\Users\frede\DOCUME~1\ATMELS~1\7.0\ARDUIN~1\ARDUIN~1\ARDUIN~1\Debug\libArduinoCore.a(wiring_digital.o)
                                0x2c8 (size before relaxing)
 .debug_str     0x00000e16       0xb8 C:\Users\frede\DOCUME~1\ATMELS~1\7.0\ARDUIN~1\ARDUIN~1\ARDUIN~1\Debug\libArduinoCore.a(WMath.o)
                                0x266 (size before relaxing)
 .debug_str     0x00000ece       0x1c C:\Users\frede\DOCUME~1\ATMELS~1\7.0\ARDUIN~1\ARDUIN~1\ARDUIN~1\Debug\libArduinoCore.a(hooks.o)
                                0x158 (size before relaxing)

.debug_loc      0x00000000     0x1ddb
 *(.debug_loc)
 .debug_loc     0x00000000      0x141 23.1.o
 .debug_loc     0x00000141      0x8d7 src/libraries/Servo/src/avr/Servo.o
 .debug_loc     0x00000a18      0x7f5 C:\Users\frede\DOCUME~1\ATMELS~1\7.0\ARDUIN~1\ARDUIN~1\ARDUIN~1\Debug\libArduinoCore.a(WInterrupts.o)
 .debug_loc     0x0000120d      0x28d C:\Users\frede\DOCUME~1\ATMELS~1\7.0\ARDUIN~1\ARDUIN~1\ARDUIN~1\Debug\libArduinoCore.a(wiring.o)
 .debug_loc     0x0000149a      0x56b C:\Users\frede\DOCUME~1\ATMELS~1\7.0\ARDUIN~1\ARDUIN~1\ARDUIN~1\Debug\libArduinoCore.a(wiring_digital.o)
 .debug_loc     0x00001a05      0x3d6 C:\Users\frede\DOCUME~1\ATMELS~1\7.0\ARDUIN~1\ARDUIN~1\ARDUIN~1\Debug\libArduinoCore.a(WMath.o)

.debug_macinfo
 *(.debug_macinfo)

.debug_weaknames
 *(.debug_weaknames)

.debug_funcnames
 *(.debug_funcnames)

.debug_typenames
 *(.debug_typenames)

.debug_varnames
 *(.debug_varnames)

.debug_pubtypes
 *(.debug_pubtypes)

.debug_ranges   0x00000000      0x1e8
 *(.debug_ranges)
 .debug_ranges  0x00000000       0x30 23.1.o
 .debug_ranges  0x00000030       0x90 src/libraries/Servo/src/avr/Servo.o
 .debug_ranges  0x000000c0       0x20 C:\Users\frede\DOCUME~1\ATMELS~1\7.0\ARDUIN~1\ARDUIN~1\ARDUIN~1\Debug\libArduinoCore.a(main.o)
 .debug_ranges  0x000000e0       0x60 C:\Users\frede\DOCUME~1\ATMELS~1\7.0\ARDUIN~1\ARDUIN~1\ARDUIN~1\Debug\libArduinoCore.a(WInterrupts.o)
 .debug_ranges  0x00000140       0x38 C:\Users\frede\DOCUME~1\ATMELS~1\7.0\ARDUIN~1\ARDUIN~1\ARDUIN~1\Debug\libArduinoCore.a(wiring.o)
 .debug_ranges  0x00000178       0x28 C:\Users\frede\DOCUME~1\ATMELS~1\7.0\ARDUIN~1\ARDUIN~1\ARDUIN~1\Debug\libArduinoCore.a(wiring_digital.o)
 .debug_ranges  0x000001a0       0x38 C:\Users\frede\DOCUME~1\ATMELS~1\7.0\ARDUIN~1\ARDUIN~1\ARDUIN~1\Debug\libArduinoCore.a(WMath.o)
 .debug_ranges  0x000001d8       0x10 C:\Users\frede\DOCUME~1\ATMELS~1\7.0\ARDUIN~1\ARDUIN~1\ARDUIN~1\Debug\libArduinoCore.a(hooks.o)

.debug_macro
 *(.debug_macro)
OUTPUT(BareMinimum.elf elf32-avr)
LOAD linker stubs
